// Jest Snapshot v1, https://goo.gl/fbAQLP

exports[`Link changes the class when hovered 1`] = `
Array [
  <div
    className="col-md-12"
  >
    Login
  </div>,
  <div
    className="col-md-12"
  >
    <button
      className="btn btn-primary"
      onClick={[Function]}
    >
      Login
    </button>
  </div>,
]
`;
